2020-02-21 20:46:49,130 INFO Starting a new search
2020-02-21 20:46:49,145 INFO Filtering neo based on start_date and end date
2020-02-21 20:46:49,145 INFO Neo filtered based on date are ['(2019 OX)', '(2020 BT1)', '(2015 YT9)', '(2020 AL2)', '(2018 NF1)', '(2004 BT58)', '(2019 UO)', '(2019 VF6)', '(2019 YV)', '(2007 JH22)', '(2019 YF4)', '(2019 YH)', '(2020 AW2)', '(2019 YC4)', '(2020 AR1)', '307070 (2002 AV31)', '417871 (2007 MB24)', '18172 (2000 QL7)', '(2017 YK7)', '86450 (2000 CK33)', '(2000 HB24)', '(2019 YD5)', '(2019 OA3)', '(2006 PY17)', '(2004 BZ74)', '(2011 QJ21)', '(2016 UT80)', '(2019 AU6)', '(2020 AT1)', '(2020 AE3)', '(2020 AM1)', '(2019 YK)', '(2020 AN2)', '(2020 AX)', '(2019 WE5)', '(2020 AE2)', '(2011 YE40)', '(2013 EC20)', '(2016 EF195)', '(2011 HS60)', '(2020 AP3)', '(2020 AY1)', '(2019 YO6)', '(2020 BK2)', '416591 (2004 LC2)', '(2003 UW29)', '(2011 YP10)', '(2012 DN31)', '(2016 TR55)', '(2015 XZ168)', '506491 (2003 UW29)', '(2013 AW52)', '(2019 AE3)', '(2015 DY53)', '(2019 YH2)', '(2020 AD)', '(2020 AC)', '(2020 AC1)', '(2020 AP1)', '(2019 YL6)', '(2013 AB32)', '(2014 OY337)', '(2015 XR169)', '(2018 LH)', '(2013 AS27)', '(2015 XQ55)', '(2015 XF261)', '(2018 AU11)', '(2020 AP2)', '(2017 RV)', '(2019 YN4)', '(2020 AM2)', '(2020 AU2)', '(2006 QA31)', '(2020 AQ2)', '(2008 LW16)', '(2014 AD17)', '(2019 QC6)', '468541 (2006 QA31)', '(2004 RO111)', '(2019 YB4)', '(2020 AN1)', '(2020 BM2)', '(2007 TE66)', '(2012 BU61)', '(2012 WH)', '(2019 OL3)', '(2017 YB2)', '(2019 AM8)', '99942 Apophis (2004 MN4)', '(2015 YG)', '(2016 FA4)', '538644 (2016 FA4)', '(2019 YM4)', '(2019 YW)', '(2012 AB11)', '(2017 YQ5)', '(2015 FE37)', '(2019 NB5)', '(2019 WD5)', '(2020 AW)', '(2020 AU1)', '(2020 BV1)', '(2019 QY4)', '(2006 WO3)', '(2009 AH16)', '(2020 BL1)', '(2015 YE18)', '(2016 NF22)', '(2019 YZ3)', '(2017 XU60)', '(2018 CA2)', '(2019 YT3)', '481442 (2006 WO3)', '512244 (2015 YE18)', '281365 (2008 CM116)', '(2015 AJ44)', '(2013 CA88)', '(2019 KW)', '(2019 WV4)', '(2019 WH6)', '(2020 AJ1)', '(2020 AV1)', '(2020 AD3)']
2020-02-21 20:46:49,145 INFO Filtering neo based on number
2020-02-21 20:46:49,145 INFO Filtered neo based on number are ['(2019 OX)', '(2020 BT1)', '(2015 YT9)', '(2020 AL2)', '(2018 NF1)', '(2004 BT58)', '(2019 UO)', '(2019 VF6)', '(2019 YV)', '(2007 JH22)']
2020-02-21 20:46:49,145 INFO Search ended!!!
2020-02-21 20:47:08,863 INFO Starting a new search
2020-02-21 20:47:08,863 INFO Filtering neo based on start_date and end date
2020-02-21 20:47:08,863 INFO Neo filtered based on date are ['(2019 OX)', '(2020 BT1)', '(2015 YT9)', '(2020 AL2)', '(2018 NF1)', '(2004 BT58)', '(2019 UO)', '(2019 VF6)', '(2019 YV)', '(2007 JH22)', '(2019 YF4)', '(2019 YH)', '(2020 AW2)', '(2019 YC4)', '(2020 AR1)', '307070 (2002 AV31)', '417871 (2007 MB24)', '18172 (2000 QL7)', '(2017 YK7)', '86450 (2000 CK33)', '(2000 HB24)', '(2019 YD5)', '(2019 OA3)', '(2006 PY17)', '(2004 BZ74)', '(2011 QJ21)', '(2016 UT80)', '(2019 AU6)', '(2020 AT1)', '(2020 AE3)', '(2020 AM1)', '(2019 YK)', '(2020 AN2)', '(2020 AX)', '(2019 WE5)', '(2020 AE2)', '(2011 YE40)', '(2013 EC20)', '(2016 EF195)', '(2011 HS60)', '(2020 AP3)', '(2020 AY1)', '(2019 YO6)', '(2020 BK2)', '416591 (2004 LC2)', '(2003 UW29)', '(2011 YP10)', '(2012 DN31)', '(2016 TR55)', '(2015 XZ168)', '506491 (2003 UW29)', '(2013 AW52)', '(2019 AE3)', '(2015 DY53)', '(2019 YH2)', '(2020 AD)', '(2020 AC)', '(2020 AC1)', '(2020 AP1)', '(2019 YL6)', '(2013 AB32)', '(2014 OY337)', '(2015 XR169)', '(2018 LH)', '(2013 AS27)', '(2015 XQ55)', '(2015 XF261)', '(2018 AU11)', '(2020 AP2)', '(2017 RV)', '(2019 YN4)', '(2020 AM2)', '(2020 AU2)', '(2006 QA31)', '(2020 AQ2)', '(2008 LW16)', '(2014 AD17)', '(2019 QC6)', '468541 (2006 QA31)', '(2004 RO111)', '(2019 YB4)', '(2020 AN1)', '(2020 BM2)', '(2007 TE66)', '(2012 BU61)', '(2012 WH)', '(2019 OL3)', '(2017 YB2)', '(2019 AM8)', '99942 Apophis (2004 MN4)', '(2015 YG)', '(2016 FA4)', '538644 (2016 FA4)', '(2019 YM4)', '(2019 YW)', '(2012 AB11)', '(2017 YQ5)', '(2015 FE37)', '(2019 NB5)', '(2019 WD5)', '(2020 AW)', '(2020 AU1)', '(2020 BV1)', '(2019 QY4)', '(2006 WO3)', '(2009 AH16)', '(2020 BL1)', '(2015 YE18)', '(2016 NF22)', '(2019 YZ3)', '(2017 XU60)', '(2018 CA2)', '(2019 YT3)', '481442 (2006 WO3)', '512244 (2015 YE18)', '281365 (2008 CM116)', '(2015 AJ44)', '(2013 CA88)', '(2019 KW)', '(2019 WV4)', '(2019 WH6)', '(2020 AJ1)', '(2020 AV1)', '(2020 AD3)']
2020-02-21 20:47:08,863 INFO Filtering neo based on diameter
2020-02-21 20:47:08,863 INFO Neo Filtered based on diameter ['(2019 OX)', '(2015 YT9)', '(2004 BT58)', '(2019 UO)', '(2019 VF6)', '(2019 YV)', '(2007 JH22)', '(2019 YH)', '(2020 AW2)', '(2019 YC4)', '307070 (2002 AV31)', '417871 (2007 MB24)', '18172 (2000 QL7)', '86450 (2000 CK33)', '(2000 HB24)', '(2019 OA3)', '(2006 PY17)', '(2004 BZ74)', '(2016 UT80)', '(2020 AE3)', '(2019 YK)', '(2019 WE5)', '(2020 AE2)', '(2011 HS60)', '(2019 YO6)', '(2020 BK2)', '416591 (2004 LC2)', '(2003 UW29)', '(2012 DN31)', '(2016 TR55)', '506491 (2003 UW29)', '(2013 AW52)', '(2015 DY53)', '(2019 YH2)', '(2013 AB32)', '(2014 OY337)', '(2013 AS27)', '(2015 XQ55)', '(2017 RV)', '(2019 YN4)', '(2006 QA31)', '(2008 LW16)', '(2014 AD17)', '(2019 QC6)', '468541 (2006 QA31)', '(2004 RO111)', '(2007 TE66)', '(2012 BU61)', '99942 Apophis (2004 MN4)', '(2015 YG)', '(2016 FA4)', '538644 (2016 FA4)', '(2019 YW)', '(2012 AB11)', '(2015 FE37)', '(2019 NB5)', '(2019 WD5)', '(2020 BV1)', '(2006 WO3)', '(2009 AH16)', '(2015 YE18)', '(2016 NF22)', '(2019 YZ3)', '481442 (2006 WO3)', '512244 (2015 YE18)', '281365 (2008 CM116)', '(2015 AJ44)', '(2019 WV4)', '(2019 WH6)', '(2020 AJ1)', '(2020 AD3)']
2020-02-21 20:47:08,863 INFO Filtering neo based on number
2020-02-21 20:47:08,863 INFO Filtered neo based on number are ['(2019 OX)', '(2015 YT9)', '(2004 BT58)', '(2019 UO)', '(2019 VF6)', '(2019 YV)', '(2007 JH22)', '(2019 YH)', '(2020 AW2)', '(2019 YC4)']
2020-02-21 20:47:08,863 INFO Search ended!!!
2020-02-21 20:47:30,846 INFO Starting a new search
2020-02-21 20:47:30,846 INFO Filtering neo based on start_date and end date
2020-02-21 20:47:30,846 INFO Neo filtered based on date are ['(2019 OX)', '(2020 BT1)', '(2015 YT9)', '(2020 AL2)', '(2018 NF1)', '(2004 BT58)', '(2019 UO)', '(2019 VF6)', '(2019 YV)', '(2007 JH22)', '(2019 YF4)', '(2019 YH)', '(2020 AW2)', '(2019 YC4)', '(2020 AR1)', '307070 (2002 AV31)', '417871 (2007 MB24)', '18172 (2000 QL7)', '(2017 YK7)', '86450 (2000 CK33)', '(2000 HB24)', '(2019 YD5)', '(2019 OA3)', '(2006 PY17)', '(2004 BZ74)', '(2011 QJ21)', '(2016 UT80)', '(2019 AU6)', '(2020 AT1)', '(2020 AE3)', '(2020 AM1)', '(2019 YK)', '(2020 AN2)', '(2020 AX)', '(2019 WE5)', '(2020 AE2)', '(2011 YE40)', '(2013 EC20)', '(2016 EF195)', '(2011 HS60)', '(2020 AP3)', '(2020 AY1)', '(2019 YO6)', '(2020 BK2)', '416591 (2004 LC2)', '(2003 UW29)', '(2011 YP10)', '(2012 DN31)', '(2016 TR55)', '(2015 XZ168)', '506491 (2003 UW29)', '(2013 AW52)', '(2019 AE3)', '(2015 DY53)', '(2019 YH2)', '(2020 AD)', '(2020 AC)', '(2020 AC1)', '(2020 AP1)', '(2019 YL6)', '(2013 AB32)', '(2014 OY337)', '(2015 XR169)', '(2018 LH)', '(2013 AS27)', '(2015 XQ55)', '(2015 XF261)', '(2018 AU11)', '(2020 AP2)', '(2017 RV)', '(2019 YN4)', '(2020 AM2)', '(2020 AU2)', '(2006 QA31)', '(2020 AQ2)', '(2008 LW16)', '(2014 AD17)', '(2019 QC6)', '468541 (2006 QA31)', '(2004 RO111)', '(2019 YB4)', '(2020 AN1)', '(2020 BM2)', '(2007 TE66)', '(2012 BU61)', '(2012 WH)', '(2019 OL3)', '(2017 YB2)', '(2019 AM8)', '99942 Apophis (2004 MN4)', '(2015 YG)', '(2016 FA4)', '538644 (2016 FA4)', '(2019 YM4)', '(2019 YW)', '(2012 AB11)', '(2017 YQ5)', '(2015 FE37)', '(2019 NB5)', '(2019 WD5)', '(2020 AW)', '(2020 AU1)', '(2020 BV1)', '(2019 QY4)', '(2006 WO3)', '(2009 AH16)', '(2020 BL1)', '(2015 YE18)', '(2016 NF22)', '(2019 YZ3)', '(2017 XU60)', '(2018 CA2)', '(2019 YT3)', '481442 (2006 WO3)', '512244 (2015 YE18)', '281365 (2008 CM116)', '(2015 AJ44)', '(2013 CA88)', '(2019 KW)', '(2019 WV4)', '(2019 WH6)', '(2020 AJ1)', '(2020 AV1)', '(2020 AD3)']
2020-02-21 20:47:30,846 INFO Filtering neo based on diameter
2020-02-21 20:47:30,846 INFO Neo Filtered based on diameter ['(2019 OX)', '(2015 YT9)', '(2004 BT58)', '(2019 UO)', '(2019 VF6)', '(2019 YV)', '(2007 JH22)', '(2019 YH)', '(2020 AW2)', '(2019 YC4)', '307070 (2002 AV31)', '417871 (2007 MB24)', '18172 (2000 QL7)', '86450 (2000 CK33)', '(2000 HB24)', '(2019 OA3)', '(2006 PY17)', '(2004 BZ74)', '(2016 UT80)', '(2020 AE3)', '(2019 YK)', '(2019 WE5)', '(2020 AE2)', '(2011 HS60)', '(2019 YO6)', '(2020 BK2)', '416591 (2004 LC2)', '(2003 UW29)', '(2012 DN31)', '(2016 TR55)', '506491 (2003 UW29)', '(2013 AW52)', '(2015 DY53)', '(2019 YH2)', '(2013 AB32)', '(2014 OY337)', '(2013 AS27)', '(2015 XQ55)', '(2017 RV)', '(2019 YN4)', '(2006 QA31)', '(2008 LW16)', '(2014 AD17)', '(2019 QC6)', '468541 (2006 QA31)', '(2004 RO111)', '(2007 TE66)', '(2012 BU61)', '99942 Apophis (2004 MN4)', '(2015 YG)', '(2016 FA4)', '538644 (2016 FA4)', '(2019 YW)', '(2012 AB11)', '(2015 FE37)', '(2019 NB5)', '(2019 WD5)', '(2020 BV1)', '(2006 WO3)', '(2009 AH16)', '(2015 YE18)', '(2016 NF22)', '(2019 YZ3)', '481442 (2006 WO3)', '512244 (2015 YE18)', '281365 (2008 CM116)', '(2015 AJ44)', '(2019 WV4)', '(2019 WH6)', '(2020 AJ1)', '(2020 AD3)']
2020-02-21 20:47:30,846 INFO Filtering neo based on is_hazardous
2020-02-21 20:47:30,861 INFO Neo Filtered based on is_hazardous ['(2019 UO)', '(2019 VF6)', '(2007 JH22)', '417871 (2007 MB24)', '(2006 PY17)', '416591 (2004 LC2)', '(2003 UW29)', '506491 (2003 UW29)', '(2013 AS27)', '(2017 RV)', '(2008 LW16)', '(2012 BU61)', '99942 Apophis (2004 MN4)', '(2019 WD5)', '(2019 YZ3)', '(2020 AD3)']
2020-02-21 20:47:30,861 INFO Filtering neo based on number
2020-02-21 20:47:30,861 INFO Filtered neo based on number are ['(2019 UO)', '(2019 VF6)', '(2007 JH22)', '417871 (2007 MB24)', '(2006 PY17)', '416591 (2004 LC2)', '(2003 UW29)', '506491 (2003 UW29)', '(2013 AS27)', '(2017 RV)']
2020-02-21 20:47:30,861 INFO Search ended!!!
2020-02-21 20:47:52,422 INFO Starting a new search
2020-02-21 20:47:52,422 INFO Filtering neo based on start_date and end date
2020-02-21 20:47:52,422 INFO Neo filtered based on date are ['(2019 OX)', '(2020 BT1)', '(2015 YT9)', '(2020 AL2)', '(2018 NF1)', '(2004 BT58)', '(2019 UO)', '(2019 VF6)', '(2019 YV)', '(2007 JH22)', '(2019 YF4)', '(2019 YH)', '(2020 AW2)', '(2019 YC4)', '(2020 AR1)', '307070 (2002 AV31)', '417871 (2007 MB24)', '18172 (2000 QL7)', '(2017 YK7)', '86450 (2000 CK33)', '(2000 HB24)', '(2019 YD5)', '(2019 OA3)', '(2006 PY17)', '(2004 BZ74)', '(2011 QJ21)', '(2016 UT80)', '(2019 AU6)', '(2020 AT1)', '(2020 AE3)', '(2020 AM1)', '(2019 YK)', '(2020 AN2)', '(2020 AX)', '(2019 WE5)', '(2020 AE2)', '(2011 YE40)', '(2013 EC20)', '(2016 EF195)', '(2011 HS60)', '(2020 AP3)', '(2020 AY1)', '(2019 YO6)', '(2020 BK2)', '416591 (2004 LC2)', '(2003 UW29)', '(2011 YP10)', '(2012 DN31)', '(2016 TR55)', '(2015 XZ168)', '506491 (2003 UW29)', '(2013 AW52)', '(2019 AE3)', '(2015 DY53)', '(2019 YH2)', '(2020 AD)', '(2020 AC)', '(2020 AC1)', '(2020 AP1)', '(2019 YL6)', '(2013 AB32)', '(2014 OY337)', '(2015 XR169)', '(2018 LH)', '(2013 AS27)', '(2015 XQ55)', '(2015 XF261)', '(2018 AU11)', '(2020 AP2)', '(2017 RV)', '(2019 YN4)', '(2020 AM2)', '(2020 AU2)', '(2006 QA31)', '(2020 AQ2)', '(2008 LW16)', '(2014 AD17)', '(2019 QC6)', '468541 (2006 QA31)', '(2004 RO111)', '(2019 YB4)', '(2020 AN1)', '(2020 BM2)', '(2007 TE66)', '(2012 BU61)', '(2012 WH)', '(2019 OL3)', '(2017 YB2)', '(2019 AM8)', '99942 Apophis (2004 MN4)', '(2015 YG)', '(2016 FA4)', '538644 (2016 FA4)', '(2019 YM4)', '(2019 YW)', '(2012 AB11)', '(2017 YQ5)', '(2015 FE37)', '(2019 NB5)', '(2019 WD5)', '(2020 AW)', '(2020 AU1)', '(2020 BV1)', '(2019 QY4)', '(2006 WO3)', '(2009 AH16)', '(2020 BL1)', '(2015 YE18)', '(2016 NF22)', '(2019 YZ3)', '(2017 XU60)', '(2018 CA2)', '(2019 YT3)', '481442 (2006 WO3)', '512244 (2015 YE18)', '281365 (2008 CM116)', '(2015 AJ44)', '(2013 CA88)', '(2019 KW)', '(2019 WV4)', '(2019 WH6)', '(2020 AJ1)', '(2020 AV1)', '(2020 AD3)']
2020-02-21 20:47:52,422 INFO Filtering neo based on diameter
2020-02-21 20:47:52,422 INFO Neo Filtered based on diameter ['(2019 OX)', '(2015 YT9)', '(2004 BT58)', '(2019 UO)', '(2019 VF6)', '(2019 YV)', '(2007 JH22)', '(2019 YH)', '(2020 AW2)', '(2019 YC4)', '307070 (2002 AV31)', '417871 (2007 MB24)', '18172 (2000 QL7)', '86450 (2000 CK33)', '(2000 HB24)', '(2019 OA3)', '(2006 PY17)', '(2004 BZ74)', '(2016 UT80)', '(2020 AE3)', '(2019 YK)', '(2019 WE5)', '(2020 AE2)', '(2011 HS60)', '(2019 YO6)', '(2020 BK2)', '416591 (2004 LC2)', '(2003 UW29)', '(2012 DN31)', '(2016 TR55)', '506491 (2003 UW29)', '(2013 AW52)', '(2015 DY53)', '(2019 YH2)', '(2013 AB32)', '(2014 OY337)', '(2013 AS27)', '(2015 XQ55)', '(2017 RV)', '(2019 YN4)', '(2006 QA31)', '(2008 LW16)', '(2014 AD17)', '(2019 QC6)', '468541 (2006 QA31)', '(2004 RO111)', '(2007 TE66)', '(2012 BU61)', '99942 Apophis (2004 MN4)', '(2015 YG)', '(2016 FA4)', '538644 (2016 FA4)', '(2019 YW)', '(2012 AB11)', '(2015 FE37)', '(2019 NB5)', '(2019 WD5)', '(2020 BV1)', '(2006 WO3)', '(2009 AH16)', '(2015 YE18)', '(2016 NF22)', '(2019 YZ3)', '481442 (2006 WO3)', '512244 (2015 YE18)', '281365 (2008 CM116)', '(2015 AJ44)', '(2019 WV4)', '(2019 WH6)', '(2020 AJ1)', '(2020 AD3)']
2020-02-21 20:47:52,422 INFO Filtering neo based on is_hazardous
2020-02-21 20:47:52,422 INFO Neo Filtered based on is_hazardous ['(2019 UO)', '(2019 VF6)', '(2007 JH22)', '417871 (2007 MB24)', '(2006 PY17)', '416591 (2004 LC2)', '(2003 UW29)', '506491 (2003 UW29)', '(2013 AS27)', '(2017 RV)', '(2008 LW16)', '(2012 BU61)', '99942 Apophis (2004 MN4)', '(2019 WD5)', '(2019 YZ3)', '(2020 AD3)']
2020-02-21 20:47:52,422 INFO Filtering neo based on distance
2020-02-21 20:47:52,422 INFO Neo Filtered based on distance ['(2019 UO)', '(2019 VF6)', '(2007 JH22)', '417871 (2007 MB24)', '(2006 PY17)', '416591 (2004 LC2)', '(2003 UW29)', '506491 (2003 UW29)', '(2013 AS27)', '(2017 RV)', '(2008 LW16)', '(2012 BU61)', '99942 Apophis (2004 MN4)', '(2019 WD5)', '(2019 YZ3)', '(2020 AD3)']
2020-02-21 20:47:52,422 INFO Filtering neo based on number
2020-02-21 20:47:52,422 INFO Filtered neo based on number are ['(2019 UO)', '(2019 VF6)', '(2007 JH22)', '417871 (2007 MB24)', '(2006 PY17)', '416591 (2004 LC2)', '(2003 UW29)', '506491 (2003 UW29)', '(2013 AS27)', '(2017 RV)']
2020-02-21 20:47:52,422 INFO Search ended!!!
2020-02-21 20:48:13,468 INFO Starting a new search
2020-02-21 20:48:13,468 INFO Filtering neo based on date
2020-02-21 20:48:13,468 INFO Neo filtered based on date are ['(2020 AM1)', '(2019 YK)', '(2020 AN2)', '(2020 AX)', '(2019 WE5)', '(2020 AE2)', '(2011 YE40)', '(2013 EC20)', '(2016 EF195)', '(2011 HS60)', '(2020 AP3)', '(2020 AY1)']
2020-02-21 20:48:13,468 INFO Filtering neo based on number
2020-02-21 20:48:13,468 INFO Filtered neo based on number are ['(2020 AM1)', '(2019 YK)', '(2020 AN2)', '(2020 AX)', '(2019 WE5)', '(2020 AE2)', '(2011 YE40)', '(2013 EC20)', '(2016 EF195)', '(2011 HS60)']
2020-02-21 20:48:13,468 INFO Search ended!!!
2020-02-21 20:48:33,919 INFO Starting a new search
2020-02-21 20:48:33,919 INFO Filtering neo based on date
2020-02-21 20:48:33,919 INFO Neo filtered based on date are ['(2020 AM1)', '(2019 YK)', '(2020 AN2)', '(2020 AX)', '(2019 WE5)', '(2020 AE2)', '(2011 YE40)', '(2013 EC20)', '(2016 EF195)', '(2011 HS60)', '(2020 AP3)', '(2020 AY1)']
2020-02-21 20:48:33,919 INFO Filtering neo based on diameter
2020-02-21 20:48:33,919 INFO Neo Filtered based on diameter ['(2019 YK)', '(2019 WE5)', '(2020 AE2)', '(2011 HS60)']
2020-02-21 20:48:33,919 INFO Filtering neo based on number
2020-02-21 20:48:33,919 INFO Filtered neo based on number are ['(2019 YK)', '(2019 WE5)', '(2020 AE2)', '(2011 HS60)']
2020-02-21 20:48:33,919 INFO Search ended!!!
2020-02-21 20:48:54,980 INFO Starting a new search
2020-02-21 20:48:54,980 INFO Filtering neo based on date
2020-02-21 20:48:54,980 INFO Neo filtered based on date are ['(2020 AM1)', '(2019 YK)', '(2020 AN2)', '(2020 AX)', '(2019 WE5)', '(2020 AE2)', '(2011 YE40)', '(2013 EC20)', '(2016 EF195)', '(2011 HS60)', '(2020 AP3)', '(2020 AY1)']
2020-02-21 20:48:54,980 INFO Filtering neo based on diameter
2020-02-21 20:48:54,980 INFO Neo Filtered based on diameter ['(2019 YK)', '(2019 WE5)', '(2020 AE2)', '(2011 HS60)']
2020-02-21 20:48:54,980 INFO Filtering neo based on is_hazardous
2020-02-21 20:48:54,980 INFO Neo Filtered based on is_hazardous []
2020-02-21 20:48:54,980 INFO Filtering neo based on number
2020-02-21 20:48:54,980 INFO Filtered neo based on number are []
2020-02-21 20:48:54,980 INFO Search ended!!!
2020-02-21 20:49:17,073 INFO Starting a new search
2020-02-21 20:49:17,073 INFO Filtering neo based on date
2020-02-21 20:49:17,073 INFO Neo filtered based on date are ['(2020 AM1)', '(2019 YK)', '(2020 AN2)', '(2020 AX)', '(2019 WE5)', '(2020 AE2)', '(2011 YE40)', '(2013 EC20)', '(2016 EF195)', '(2011 HS60)', '(2020 AP3)', '(2020 AY1)']
2020-02-21 20:49:17,073 INFO Filtering neo based on diameter
2020-02-21 20:49:17,073 INFO Neo Filtered based on diameter ['(2019 YK)', '(2019 WE5)', '(2020 AE2)', '(2011 HS60)']
2020-02-21 20:49:17,073 INFO Filtering neo based on is_hazardous
2020-02-21 20:49:17,073 INFO Neo Filtered based on is_hazardous []
2020-02-21 20:49:17,073 INFO Filtering neo based on distance
2020-02-21 20:49:17,073 INFO Neo Filtered based on distance []
2020-02-21 20:49:17,073 INFO Filtering neo based on number
2020-02-21 20:49:17,073 INFO Filtered neo based on number are []
2020-02-21 20:49:17,073 INFO Search ended!!!
2020-02-21 20:58:00,087 INFO Starting a new search
2020-02-21 20:58:00,150 INFO Filtering neo based on date
2020-02-21 20:58:00,150 INFO Neo filtered based on date are ['(2020 AM1)', '(2019 YK)', '(2020 AN2)', '(2020 AX)', '(2019 WE5)', '(2020 AE2)', '(2011 YE40)', '(2013 EC20)', '(2016 EF195)', '(2011 HS60)', '(2020 AP3)', '(2020 AY1)']
2020-02-21 20:58:00,150 INFO Filtering neo based on number
2020-02-21 20:58:00,150 INFO Filtered neo based on number are ['(2020 AM1)', '(2019 YK)', '(2020 AN2)', '(2020 AX)', '(2019 WE5)', '(2020 AE2)', '(2011 YE40)', '(2013 EC20)', '(2016 EF195)', '(2011 HS60)']
2020-02-21 20:58:00,150 INFO Search ended!!!
2020-02-21 20:59:02,287 INFO Starting a new search
2020-02-21 20:59:02,287 INFO Filtering neo based on date
2020-02-21 20:59:02,287 INFO Neo filtered based on date are ['(2020 AM1)', '(2019 YK)', '(2020 AN2)', '(2020 AX)', '(2019 WE5)', '(2020 AE2)', '(2011 YE40)', '(2013 EC20)', '(2016 EF195)', '(2011 HS60)', '(2020 AP3)', '(2020 AY1)']
2020-02-21 20:59:02,287 INFO Filtering neo based on number
2020-02-21 20:59:02,287 INFO Filtered neo based on number are ['(2020 AM1)', '(2019 YK)', '(2020 AN2)', '(2020 AX)', '(2019 WE5)', '(2020 AE2)', '(2011 YE40)', '(2013 EC20)', '(2016 EF195)', '(2011 HS60)']
2020-02-21 20:59:02,287 INFO Search ended!!!
